// Jest Snapshot v1, https://goo.gl/fbAQLP

exports[`Chart snapshot 1`] = `
ShallowWrapper {
  Symbol(enzyme.__root__): [Circular],
  Symbol(enzyme.__unrendered__): <default_1
    data={
        Array [
            Object {
              "instrumentId": 70,
              "timeSeries": Object {
                "entries": Array [
                  Object {
                    "d": "2010-01-01",
                    "n": 30,
                    "v": 6545.91,
                  },
                  Object {
                    "d": "2010-01-04",
                    "n": 12,
                    "v": 6631.44,
                  },
                ],
              },
            },
            Object {
              "instrumentId": 73,
              "timeSeries": Object {
                "entries": Array [
                  Object {
                    "d": "2010-01-01",
                    "n": 50,
                    "v": 645.91,
                  },
                  Object {
                    "d": "2010-01-04",
                    "n": 42,
                    "v": 631.44,
                  },
                ],
              },
            },
          ]
    }
/>,
  Symbol(enzyme.__renderer__): Object {
    "batchedUpdates": [Function],
    "getNode": [Function],
    "render": [Function],
    "simulateError": [Function],
    "simulateEvent": [Function],
    "unmount": [Function],
  },
  Symbol(enzyme.__node__): Object {
    "instance": null,
    "key": undefined,
    "nodeType": "function",
    "props": Object {
      "data": Array [
        Object {
          "70": 30,
          "73": 50,
          "name": "2010-01-01",
        },
        Object {
          "70": 12,
          "73": 42,
          "name": "2010-01-04",
        },
      ],
      "dataKeys": Array [
        70,
        73,
      ],
    },
    "ref": null,
    "rendered": null,
    "type": [Function],
  },
  Symbol(enzyme.__nodes__): Array [
    Object {
      "instance": null,
      "key": undefined,
      "nodeType": "function",
      "props": Object {
        "data": Array [
          Object {
            "70": 30,
            "73": 50,
            "name": "2010-01-01",
          },
          Object {
            "70": 12,
            "73": 42,
            "name": "2010-01-04",
          },
        ],
        "dataKeys": Array [
          70,
          73,
        ],
      },
      "ref": null,
      "rendered": null,
      "type": [Function],
    },
  ],
  Symbol(enzyme.__options__): Object {
    "adapter": ReactSixteenAdapter {
      "options": Object {
        "enableComponentDidUpdateOnSetState": true,
        "lifecycles": Object {
          "componentDidUpdate": Object {
            "onSetState": true,
          },
          "getDerivedStateFromProps": true,
          "getSnapshotBeforeUpdate": true,
          "setState": Object {
            "skipsComponentDidUpdateOnNullish": true,
          },
        },
      },
    },
  },
}
`;
